
> ooh-ops---eletromidia-field-manager@0.0.0 build
> vite build

[36mvite v6.4.1 [32mbuilding for production...[36m[39m
transforming...
[32mÔ£ô[39m 2443 modules transformed.
rendering chunks...
computing gzip size...
[2mdist/[22m[32mregisterSW.js                       [39m[1m[2m    0.13 kB[22m[1m[22m
[2mdist/[22m[32mmanifest.webmanifest                [39m[1m[2m    0.39 kB[22m[1m[22m
[2mdist/[22m[32mindex.html                          [39m[1m[2m    3.36 kB[22m[1m[22m[2m Ôöé gzip:   1.21 kB[22m
[2mdist/[22m[35massets/index-vThkz_Fg.css           [39m[1m[2m    0.76 kB[22m[1m[22m[2m Ôöé gzip:   0.36 kB[22m
[2mdist/[22m[36massets/vendor-react-C0pDUKEg.js     [39m[1m[2m   12.37 kB[22m[1m[22m[2m Ôöé gzip:   4.46 kB[22m
[2mdist/[22m[36massets/vendor-supabase-CSCOup90.js  [39m[1m[2m  172.49 kB[22m[1m[22m[2m Ôöé gzip:  44.54 kB[22m
[2mdist/[22m[36massets/vendor-ui-CFFMC9zE.js        [39m[1m[2m  404.43 kB[22m[1m[22m[2m Ôöé gzip: 117.86 kB[22m
[2mdist/[22m[36massets/index-NwGA3WhA.js            [39m[1m[33m  680.34 kB[39m[22m[2m Ôöé gzip: 172.23 kB[22m
[2mdist/[22m[36massets/vendor-utils-C8JgeahU.js     [39m[1m[33m1,275.23 kB[39m[22m[2m Ôöé gzip: 385.00 kB[22m
node.exe : [33m
No linha:1 caractere:1
+ & "C:\Program Files\nodejs/node.exe" "C:\Program Files\nodejs/node_mo ...
+ ~~~~~~~~~~~~~~~~~~~~~~~~~~~~~~~~~~~~~~~~~~~~~~~~~~~~~~~~~~~~~~~~~~~~~
    + CategoryInfo          : NotSpecified: ([33m:String) [], RemoteException
    + FullyQualifiedErrorId : NativeCommandError
 
(!) Some chunks are larger than 500 kB after minification. Consider:
- Using dynamic import() to code-split the application
- Use build.rollupOptions.output.manualChunks to improve chunking: 
https://rollupjs.org/configuration-options/#output-manualchunks
- Adjust chunk size limit for this warning via build.chunkSizeWarningLimit.[39m
[32mÔ£ô built in 27.92s[39m

PWA v1.2.0
mode      generateSW
precache  10 entries (2489.36 KiB)
files generated
  dist/sw.js
  dist/workbox-8c29f6e4.js
